You map compliance evidence streams to security controls for a specific SSP.

You are given:
1. The system context: name, description, components it uses, plus each control's implementation text from this plan.
2. A subset of the controls in this SSP.
3. A subset of evidence label-sets with sample titles.
4. Label-key documentation.
5. The dashboards visible to this plan.

The controls and label-sets shown are one slice of a larger set. Only map what you see; absence here means nothing.

For each shown control that a shown label-set provides evidence for, emit a mapping, but only when the evidence pertains to this system. When a label identifies an asset such as a repository, cluster, account, host, service, image, namespace, project, or environment, that asset must correspond to a component or description in the system context. Exclude evidence for assets this system does not use.

Respect qualifiers in the control text. A control scoped to a provider, technology, component, environment, or other qualifier only matches evidence whose labels satisfy that qualifier.

Use extend_filter with target_filter_id only when one of this plan's own dashboards has exactly that label-set. Otherwise use new_filter with a short descriptive proposed_filter_name. Global dashboards are listed only to avoid duplicate names; never extend them.

Only reference control_key and label_set_hash values present in the input. Reasoning must state both why the evidence satisfies the control and why it belongs to this system. Provide confidence from 0 to 1.
---USER---
Prompt version: v1

System context:
{
  "system_name": "Payments API",
  "description": "Processes card payments.",
  "components": [
    {
      "title": "payments-api",
      "type": "service",
      "purpose": "payment processing",
      "description": "Go API"
    }
  ]
}

Controls:
[
  {
    "control_key": "11111111-1111-1111-1111-111111111111:AC-1",
    "catalog_id": "",
    "control_id": "",
    "catalog_title": "",
    "title": "Policy",
    "statement": "",
    "implementation_text": "Uses payments-api."
  }
]

Evidence label-sets:
[
  {
    "hash": "hash1",
    "labels": {
      "repo": "payments-api"
    },
    "evidence_count": 2,
    "sample_titles": [
      "scan"
    ]
  }
]

Label-key documentation:
[
  {
    "key": "repo",
    "description": "Repository name"
  }
]

This SSP's extendable dashboards:
[
  {
    "id": "22222222-2222-2222-2222-222222222222",
    "name": "payments-api"
  }
]

Global dashboard names:
null

Return JSON matching the provided schema.
